// Jest Snapshot v1, https://goo.gl/fbAQLP

exports[`Footer Component renders without crashing 1`] = `
<DocumentFragment>
  <footer
    class="footer"
  >
    <div
      class="footer__content"
    >
      <p
        class="ls-visually-hidden"
      >
        Footer links
      </p>
      <ul
        class="footer__inline-list"
      >
        <li
          class="footer__inline-list-item"
        >
          <a
            class="ls-link footer__link"
            href="/cookies"
          >
            Cookies
          </a>
        </li>
        <li
          class="footer__inline-list-item"
        >
          <a
            class="ls-link footer__link"
            href="/privacy-policy"
          >
            Privacy policy
          </a>
        </li>
        <li
          class="footer__inline-list-item"
        >
          <a
            class="ls-link footer__link"
            href="/terms-and-conditions"
          >
            Terms and conditions
          </a>
        </li>
        <li
          class="footer__inline-list-item"
        >
          <a
            class="ls-link footer__link"
            href="/accessibility-statement"
          >
            Accessibility statement
          </a>
        </li>
      </ul>
    </div>
  </footer>
</DocumentFragment>
`;
